unsat
((set-logic UF)
(declare-fun x!0 () U)
(proof
(let (($x468 (forall ((y U) )(! (let (($x25 (P y)))
 (not $x25)) :pattern ( (P y) ) :qid k!6))
 ))
 (let (($x29 (forall ((y U) )(! (let (($x25 (P y)))
 (not $x25)) :qid k!6))
 ))
 (let ((?x471 (lambda ((y U) )(refl (= (not (P y)) (not (P y)))))
 ))
 (let ((?x44 (lambda ((y U) )(refl (~ (not (P y)) (not (P y)))))
 ))
 (let ((@x48 (mp~ (mp (asserted $x29) (rewrite (= $x29 $x29)) $x29) (nnf-pos (proof-bind ?x44) (~ $x29 $x29)) $x29)))
 (let (($x38 (P x!0)))
 (let (($x26 (exists ((x U) )(! (P x) :qid k!5))
 ))
 (let ((@x41 (mp~ (mp (asserted $x26) (rewrite (= $x26 $x26)) $x26) (sk (~ $x26 $x38)) $x38)))
 (unit-resolution ((_ quant-inst x!0) (or (not $x468) (not $x38))) @x41 (mp @x48 (quant-intro (proof-bind ?x471) (= $x29 $x468)) $x468) false)))))))))))
