unsat
((set-logic QF_BV)
(declare-fun k!80 () Bool)
(declare-fun k!00 () Bool)
(declare-fun k!90 () Bool)
(declare-fun k!10 () Bool)
(declare-fun k!100 () Bool)
(declare-fun k!20 () Bool)
(declare-fun k!110 () Bool)
(declare-fun k!30 () Bool)
(declare-fun k!120 () Bool)
(declare-fun k!40 () Bool)
(declare-fun k!130 () Bool)
(declare-fun k!50 () Bool)
(declare-fun k!140 () Bool)
(declare-fun k!60 () Bool)
(declare-fun k!150 () Bool)
(declare-fun k!70 () Bool)
(proof
(let (($x111 (not (or (not k!10) (not k!90)))))
(let (($x250 (or $x111 (not (or (not k!10) (not k!00) (not k!80))) (not (or (not k!90) (not k!00) (not k!80))))))
(let (($x150 (not (or (not k!20) (not k!100)))))
(let (($x266 (or $x150 (not (or (not k!20) (not $x250))) (not (or (not k!100) (not $x250))))))
(let (($x162 (not (or (not k!30) (not k!110)))))
(let (($x286 (or $x162 (not (or (not k!30) (not $x266))) (not (or (not k!110) (not $x266))))))
(let (($x174 (not (or (not k!40) (not k!120)))))
(let (($x300 (or $x174 (not (or (not k!40) (not $x286))) (not (or (not k!120) (not $x286))))))
(let (($x186 (not (or (not k!50) (not k!130)))))
(let (($x310 (or $x186 (not (or (not k!50) (not $x300))) (not (or (not k!130) (not $x300))))))
(let (($x136 (not (= k!00 k!80))))
(let (($x100 (not (= k!10 (= k!90 (or (not k!00) (not k!80)))))))
(let (($x389 (or $x100 $x136 (= k!60 (= k!140 $x310)) (= k!50 (= k!130 $x300)) (= k!40 (= k!120 $x286)) (= k!30 (= k!110 $x266)) (= k!20 (= k!100 $x250)))))
(let (($x198 (not (or (not k!60) (not k!140)))))
(let (($x320 (or $x198 (not (or (not k!60) (not $x310))) (not (or (not k!140) (not $x310))))))
(let (($x324 (= k!70 (= k!150 $x320))))
(let (($x330 (or $x324 (not $x389))))
(let (($x342 (not $x330)))
(let (($x281 (or k!80 k!90 k!100 k!110 k!120 k!130 k!140)))
(let (($x289 (not $x281)))
(let (($x279 (or k!00 k!10 k!20 k!30 k!40 k!50 k!60)))
(let (($x284 (not $x279)))
(let (($x334 (or k!70 k!150 $x284 $x289 $x342)))
(let (($x341 (not $x334)))
(let (($x248 (not k!150)))
(let (($x240 (not k!70)))
(let (($x352 (or $x240 $x248 $x324)))
(let (($x572 (not $x324)))
(let (($x357 (not $x352)))
(let ((@x751 (hypothesis $x357)))
(let (($x145 (or $x111 (not (or (not k!10) (or (not k!00) (not k!80)))) (not (or (not k!90) (or (not k!00) (not k!80)))))))
(let (($x151 (not $x145)))
(let (($x93 (not k!100)))
(let (($x156 (or $x150 (not (or (not k!20) $x151)) (not (or $x93 $x151)))))
(let (($x163 (not $x156)))
(let (($x157 (not k!110)))
(let (($x168 (or $x162 (not (or (not k!30) $x163)) (not (or $x157 $x163)))))
(let (($x175 (not $x168)))
(let (($x169 (not k!120)))
(let (($x180 (or $x174 (not (or (not k!40) $x175)) (not (or $x169 $x175)))))
(let (($x187 (not $x180)))
(let (($x181 (not k!130)))
(let (($x192 (or $x186 (not (or (not k!50) $x187)) (not (or $x181 $x187)))))
(let (($x199 (not $x192)))
(let (($x193 (not k!140)))
(let (($x206 (= k!150 (or $x198 (not (or (not k!60) $x199)) (not (or $x193 $x199))))))
(let (($x208 (= k!70 $x206)))
(let (($x253 (or $x240 $x248)))
(let (($x124 (or $x253 $x208)))
(let ((@x356 (trans (monotonicity (rewrite (= $x208 $x324)) (= $x124 (or $x253 $x324))) (rewrite (= (or $x253 $x324) $x352)) (= $x124 $x352))))
(let (($x241 (or $x253 (not (not $x208)))))
(let ((?x16 (bvadd a b)))
(let (($x25 (bvsle (_ bv0 8) ?x16)))
(let (($x77 (not $x25)))
(let (($x78 (or (or (bvsle (_ bv0 8) a) (bvsle (_ bv0 8) b)) $x77)))
(let (($x62 (= $x78 $x78)))
(let ((@x72 (rewrite $x62)))
(let ((@x45 (monotonicity (monotonicity (rewrite (= ?x16 ?x16)) (= $x25 $x25)) (= $x77 $x77))))
(let (($x79 (not $x78)))
(let (($x20 (bvsle ?x16 (_ bv0 8))))
(let (($x50 (not $x20)))
(let (($x51 (or (or (bvsle a (_ bv0 8)) (bvsle b (_ bv0 8))) $x50)))
(let (($x52 (not $x51)))
(let (($x84 (or $x52 $x79)))
(let (($x64 (not $x84)))
(let (($x9 (bvsaddo a b)))
(let (($x10 (not $x9)))
(let (($x11 (and $x9 $x10)))
(let ((@x12 (asserted $x11)))
(let ((@x66 (mp (and-elim @x12 $x10) (rewrite (= $x10 $x64)) $x64)))
(let ((@x53 (mp (mp (not-or-elim @x66 $x78) @x72 $x78) (trans (monotonicity @x45 $x62) @x72 $x62) $x78)))
(let ((@x273 (mp (mp @x53 (rewrite (= $x78 $x241)) $x241) (rewrite (= $x241 $x124)) $x124)))
(let ((@x755 (unit-resolution (mp @x273 @x356 $x352) (unit-resolution (def-axiom (or $x352 k!150)) @x751 k!150) (unit-resolution (def-axiom (or $x352 k!70)) @x751 k!70) (unit-resolution (def-axiom (or $x352 $x572)) @x751 $x572) false)))
(let (($x359 (or $x341 $x357)))
(let (($x237 (not $x124)))
(let (($x220 (or (= k!30 (= k!110 $x156)) (or (= k!20 (= k!100 $x145)) (or $x100 $x136)))))
(let (($x222 (or (= k!50 (= k!130 $x180)) (or (= k!40 (= k!120 $x168)) $x220))))
(let (($x230 (not (or $x208 (not (or (= k!60 (= k!140 $x192)) $x222))))))
(let (($x130 (or k!120 (or k!110 (or k!100 (or k!80 k!90))))))
(let (($x134 (or k!150 (not (or k!140 (or k!130 $x130))))))
(let (($x104 (or k!40 (or k!30 (or k!20 (or k!00 k!10))))))
(let (($x108 (or k!70 (not (or k!60 (or k!50 $x104))))))
(let (($x139 (or $x108 $x134)))
(let (($x232 (or $x139 $x230)))
(let (($x140 (not $x232)))
(let (($x122 (or $x140 $x237)))
(let (($x361 (= $x122 $x359)))
(let ((@x365 (trans (monotonicity (rewrite (= $x140 $x341)) (rewrite (= $x237 $x357)) $x361) (rewrite (= $x359 $x359)) $x361)))
(let (($x254 (not $x241)))
(let (($x244 (or $x140 $x254)))
(let (($x95 (= $x244 $x122)))
(let ((@x209 (trans (monotonicity (rewrite (= $x140 $x140)) (rewrite (= $x254 $x237)) $x95) (rewrite (= $x122 $x122)) $x95)))
(let ((@x76 (monotonicity (rewrite (= $x52 $x52)) (rewrite (= $x79 $x79)) (= $x84 $x84))))
(let (($x27 (or (and (and (bvslt (_ bv0 8) a) (bvslt (_ bv0 8) b)) $x20) (and (and (bvslt a (_ bv0 8)) (bvslt b (_ bv0 8))) $x25))))
(let ((@x60 (trans (rewrite (= $x9 $x27)) (rewrite (= $x27 $x84)) (= $x9 $x84))))
(let ((@x259 (mp (mp (mp (mp (and-elim @x12 $x9) @x60 $x84) @x76 $x84) @x76 $x84) (rewrite (= $x84 $x244)) $x244)))
(let ((@x757 (unit-resolution (mp (mp @x259 @x209 $x122) @x365 $x359) (lemma @x755 $x352) $x341)))
(let (($x216 (or k!70 k!150 $x284 $x289)))
(let (($x285 (or k!150 $x289)))
(let (($x211 (or k!70 $x284)))
(let (($x290 (or $x211 $x285)))
(let ((@x213 (monotonicity (rewrite (= $x108 $x211)) (rewrite (= $x134 $x285)) (= $x139 $x290))))
(let ((@x332 (monotonicity (trans @x213 (rewrite (= $x290 $x216)) (= $x139 $x216)) (rewrite (= $x230 $x342)) (= $x232 (or $x216 $x342)))))
(let (($x228 (= $x232 $x232)))
(let ((@x242 (trans (monotonicity (rewrite (= $x230 $x230)) $x228) (rewrite $x228) $x228)))
(let (($x35 (= $x51 $x51)))
(let ((@x58 (rewrite $x35)))
(let ((@x39 (monotonicity (monotonicity (rewrite (= $x20 $x20)) (= $x50 $x50)) $x35)))
(let ((@x49 (mp (mp (not-or-elim @x66 $x51) @x58 $x51) (trans @x39 @x58 $x35) $x51)))
(let ((@x403 (mp (mp (mp @x49 (rewrite (= $x51 $x232)) $x232) @x242 $x232) (trans @x332 (rewrite (= (or $x216 $x342) $x334)) (= $x232 $x334)) $x334)))
(unit-resolution @x403 (unit-resolution (def-axiom (or $x334 $x248)) @x757 $x248) (unit-resolution (def-axiom (or $x334 $x240)) @x757 $x240) (unit-resolution (def-axiom (or $x334 $x279)) @x757 $x279) (unit-resolution (def-axiom (or $x334 $x281)) @x757 $x281) (unit-resolution (def-axiom (or $x334 $x330)) @x757 $x330) false)))))))))))))))))))))))))))))))))))))))))))))))))))))))))))))))))))))))))))))))))))))))))))))))))))))))))))))))))

