unsat
((set-logic AUFLIA)
(proof
(let (($x482 (= (select a ((_ array-ext 0) a b)) (select b ((_ array-ext 0) a b)))))
(let (($x483 (not $x482)))
(let (($x31 (= a b)))
(let (($x32 (not $x31)))
(let ((@x33 (asserted $x32)))
(let ((@x499 (unit-resolution ((_ th-lemma array) (or $x31 $x483)) (mp @x33 (rewrite (= $x32 $x32)) $x32) $x483)))
(let (($x467 (forall ((i Int) )(! (let (($x27 (select b i)))
(let (($x25 (select a i)))
(= $x25 $x27))) :pattern ( (select a i) ) :pattern ( (select b i) ) :qid k!5))
))
(let (($x29 (forall ((i Int) )(! (let (($x27 (select b i)))
(let (($x25 (select a i)))
(= $x25 $x27))) :qid k!5))
))
(let ((?x470 (lambda ((i Int) )(let (($x27 (select b i)))
(let (($x25 (select a i)))
(let (($x28 (= $x25 $x27)))
(refl (= $x28 $x28))))))
))
(let ((?x43 (lambda ((i Int) )(let (($x27 (select b i)))
(let (($x25 (select a i)))
(let (($x28 (= $x25 $x27)))
(refl (~ $x28 $x28))))))
))
(let ((@x47 (mp~ (mp (asserted $x29) (rewrite (= $x29 $x29)) $x29) (nnf-pos (proof-bind ?x43) (~ $x29 $x29)) $x29)))
(unit-resolution ((_ quant-inst ((_ array-ext 0) a b)) (or (not $x467) $x482)) (mp @x47 (quant-intro (proof-bind ?x470) (= $x29 $x467)) $x467) @x499 false))))))))))))))
